🍹 Building a mixed python/rust project
🐍 Found CPython 3.13 at /share/home/zhangkaiLab/libocheng/software/tools/micromamba/bin/python3
🔗 Found pyo3 bindings
📡 Using build options features from pyproject.toml
   Compiling hdf5-metno-src v0.9.5
   Compiling zstd-safe v7.3.0
   Compiling zfp-sys v0.4.3
   Compiling zstd-sys v2.1.0+zstd.1.5.7
   Compiling tikv-jemalloc-sys v0.6.1+5.3.0-1-ge13ca993e8ccb9ba9847cc330696e02839f328f7
   Compiling tikv-jemallocator v0.6.1
   Compiling zstd v0.13.3
   Compiling numcodecs-zfp v0.5.3
   Compiling hdf5-metno-sys v0.10.1
   Compiling hdf5-metno-types v0.10.2
   Compiling hdf5-metno v0.10.1
   Compiling genomics-dataloader v0.5.3-dev0 (/storage/zhangkaiLab/libocheng/project/rad/genomics-dataloader)
warning: methods `read_with_layout`, `par_iter_bf16`, and `par_iter_bf16_with_layout_and_regions` are never used
   --> src/dataloader/genome/data_store.rs:815:12
    |
362 | impl DataStore {
    | -------------- methods in this implementation
...
815 |     pub fn read_with_layout(
    |            ^^^^^^^^^^^^^^^^
...
872 |     pub fn par_iter_bf16(
    |            ^^^^^^^^^^^^^
...
930 |     pub fn par_iter_bf16_with_layout_and_regions(
    |            ^^^^^^^^^^^^^^^^^^^^^^^^^^^^^^^^^^^^^
    |
    = note: `#[warn(dead_code)]` (part of `#[warn(unused)]`) on by default

warning: struct `DataStoreBf16RegionIter` is never constructed
    --> src/dataloader/genome/data_store.rs:1043:12
     |
1043 | pub struct DataStoreBf16RegionIter {
     |            ^^^^^^^^^^^^^^^^^^^^^^^

warning: associated function `disabled` is never used
  --> src/dataloader/genome/loader.rs:60:8
   |
59 | impl ReverseConfig {
   | ------------------ associated function in this implementation
60 |     fn disabled() -> Self {
   |        ^^^^^^^^

warning: fields `left_clip` and `right_clip` are never read
  --> src/utils/bam.rs:50:5
   |
49 | pub struct SpliceSegments {
   |            -------------- fields in this struct
50 |     left_clip: Cigar,
   |     ^^^^^^^^^
51 |     right_clip: Cigar,
   |     ^^^^^^^^^^

warning: variants `RPKM`, `BPM`, and `RPGC` are never constructed
   --> src/utils/bam.rs:428:5
    |
427 | pub enum Normalization {
    |          ------------- variants in this enum
428 |     RPKM, // Reads per kilobase per million mapped reads. RPKM (per bin) =
    |     ^^^^
...
432 |     BPM, // Bins Per Million mapped reads, same as TPM in RNA-seq. BPM (per bin) =
    |     ^^^
433 |     // number of reads per bin / sum of all reads per bin (in millions).
434 |     RPGC, // Reads per genomic content. RPGC (per bin) =
    |     ^^^^
    |
    = note: `Normalization` has derived impls for the traits `Clone` and `Debug`, but these are intentionally ignored during dead code analysis

warning: `genomics-dataloader` (lib) generated 5 warnings
    Finished `release` profile [optimized] target(s) in 48.02s
🔗 External shared libraries to be copied into the wheel:
  /storage/zhangkaiLab/libocheng/project/rad/genomics-dataloader/target/maturin/libgdata.so requires:
    libssl.so.3 => /share/home/zhangkaiLab/libocheng/software/tools/micromamba/lib/libssl.so.3
    libcrypto.so.3 => /share/home/zhangkaiLab/libocheng/software/tools/micromamba/lib/libcrypto.so.3
💥 maturin failed
  Caused by: Failed to execute 'patchelf', did you install it? Hint: Try `pip install maturin[patchelf]` (or just `pip install patchelf`)
  Caused by: No such file or directory (os error 2)
